exports[`<Loading/> component snapshot 1`] = `
<div
  className="khmhuD">
  Loading...
</div>
`;
